<!DOCTYPE html>
<html>
  <head>
    <title>Test</title>
  </head>
  <body>
    <h1>Hello World!</h1>
    <a href="index.html">home</a> | <a href="about.html">about</a>
    <a
      href='img/kiwi.da3e3cc9.png'
      data-image-width='160'
      data-image-height='130'
      target='_blank'
      >
     <img src='img/image.d4711676.webp' width='100' alt='cat' />
    </a>
  </body>
</html>