<!DOCTYPE html>
<html>
<head>
  <title>Test</title>
  <!-- load source script -->
  <script src="main.52343678.js" defer="defer" integrity="sha384-Zw5kcr1yJb/ywUUAN0QZL/viHjIf/giQA8qyEVFNWiIWdSC0yXN/fPxl1iUnV2UM" crossorigin="anonymous"></script>
</head>
<body>
  <h1>Hello World!</h1>
</body>
</html>