<!DOCTYPE html>
<html>
<head>
  <title>Test</title>
  <script src="main.js" defer="defer"></script>
</head>
<body>
  <h1>Import SVG file in JavaScript!</h1>
  <p>See browser console output</p>
</body>
</html>