<!doctype html><html><head><title>Test</title><link href="css/style.7947baa4.css" rel="stylesheet"><script src="js/main.09a3ac0e.js"></script></head><body><h1>Hello World!</h1><img src="img/apple.webp" alt=""/></body></html>