<!DOCTYPE html>
<html>
<head>
  <title>Test</title>
  <!-- load source script -->
  <script src="main.6b4b608d.js" defer="defer" integrity="sha384-G822FzPy501sM0JmLPB3hYC1X51iqqHbqfhjeiBvK5jR6cARK6xXiDEDeOEUEocf" crossorigin="anonymous"></script>
</head>
<body>
  <h1>Hello World!</h1>
</body>
</html>