<!DOCTYPE html>
<html lang="en">
<head>
  <title>Home</title>
  <link href="f279449352a40ca7f10b.svg" rel="icon" type="image/svg+xml">
  <link href="vendor.css" rel="stylesheet">
  <script src="vendor.js" defer="defer"></script>
</head>
<body>
  <h1>Home</h1>
  <img src="7b396424a75d2368b77e.png" alt="banner" />
</body>
</html>