<!DOCTYPE html>
<html>
<head>
  <title>Home</title>
  <link href="assets/img/favicon.edda23bf.ico" rel="icon">

  <!-- load page style -->
  <link href="assets/css/style.fd838354.css" rel="stylesheet">
</head>
<body>
  <h1>Home</h1>
  <nav>
  <a href="index.html">Home</a>
  | <a href="login/signup/index.html">Sign up</a>
</nav></body>
</html>