<!doctype html><title>Home</title><meta name=viewport content="width=device-width initial-scale=1"><link rel=preload href=js/main.4a82793c.js as=script><link rel=preload href=css/home.b41afe39.css as=style><link rel=preload href=fonts/open-sans-regular.woff2 as=font type=font/woff2 crossorigin><link rel=preload href=fonts/MaterialIcons-Regular.woff2 as=font type=font/woff2 crossorigin><link href=css/home.b41afe39.css rel=stylesheet><script src=js/main.4a82793c.js></script><h1>Hello World!</h1>