<!DOCTYPE html>
<html>
<head>
  <title>Home</title>
  <link rel="preload" href="assets/js/runtime.bundle.js" as="script">
  <link rel="preload" href="assets/js/814.bundle.js" as="script">
  <link rel="preload" href="assets/js/main.bundle.js" as="script">
  <link rel="preload" href="assets/js/41.bundle.js" as="script">
  <link rel="preload" href="assets/js/597.bundle.js" as="script">
  <link rel="preload" href="assets/js/home.bundle.js" as="script">
  <link rel="preload" href="assets/css/style.bundle.css" as="style">
  <link rel="preload" href="assets/css/home.bundle.css" as="style">
  <link rel="preload" href="assets/img/apple.02a7c382.png" as="image" type="image/png">
  <link href="assets/img/favicon.edda23bf.ico" rel="icon">

  <!-- load global style -->
  <link href="assets/css/style.bundle.css" rel="stylesheet">

  <!-- load page style -->
  <link href="assets/css/home.bundle.css" rel="stylesheet">

  <!-- load global script -->
  <script src="assets/js/runtime.bundle.js" defer="defer"></script>
<script src="assets/js/814.bundle.js" defer="defer"></script>
<script src="assets/js/main.bundle.js" defer="defer"></script>
</head>
<body>
  <h1>Home</h1>
  <img src="assets/img/apple.02a7c382.png" alt="apple">

  <!-- load page script -->
  <script src="assets/js/41.bundle.js"></script>
<script src="assets/js/597.bundle.js"></script>
<script src="assets/js/home.bundle.js"></script>
</body>
</html>