<!DOCTYPE html>
<html>
<head>
  <title>Test</title>
  <!-- load source script -->
  <script src="main.5f0dadf4.js" defer="defer" integrity="sha384-G78wz3S7DARN/hyt1sM4E1zKt4eL/DzkSZKU92m/P5SvFSlH54/ZEStCKg4d/lUE" crossorigin="anonymous"></script>
</head>
<body>
  <h1>Hello World!</h1>
</body>
</html>