<!DOCTYPE html>
<html>
<head>
  <title>Test</title>
  <!-- load source script -->
  <script src="main.d3e1b1e3.js" defer="defer" integrity="sha384-3XQM/8kCkVIDrJ4PILEXVMlQlVOpXXzrM+HxFLfGZpCUOIlsBB+GlIeg5kWDktvU" crossorigin="anonymous"></script>
</head>
<body>
  <h1>Hello World!</h1>
</body>
</html>