<!DOCTYPE html>
<html>
<head>
  <title>Test</title>
  <!-- load source script -->
  <script src="main.b268190d.js" defer="defer" integrity="sha384-Y4rG93SSBHOnAuD10lCpfSyMlTz1/iCB/p0ZdVsu1jw6amHYAJYcCWT3CdYv7xMP" crossorigin="anonymous"></script>
</head>
<body>
  <h1>Hello World!</h1>
</body>
</html>