<!DOCTYPE html>
<html>
<head>
  <title>Page 3</title>
  <link href="../assets/img/favicon.edda23bf.ico" rel="icon">
</head>
<body>
<h1>Page 3</h1>
  <nav>
    <a href="../">Home</a>
    | <a href="../page1.html">Page 1</a>
    | <a href="../page1.html">Page 1 (double link)</a>
  </nav>
</body>
</html>