<!DOCTYPE html>
<html>
<head>
  <title>Page 2</title>
  <link href="../assets/img/favicon.edda23bf.ico" rel="icon">
</head>
<body>
  <h1>Page 2</h1>
  <nav>
  <a href="../">Home</a>
  | <a href="../index.html?q=1">Home (query)</a>
  | <a href="../index.html#test">Home (anchor)</a>
  | <a href="../login/signup/">Sign up</a>
  | <a href="javascript:void 0" data-link="../page1.html" onclick="location.href=this.dataset.link">Page 1 (JS)</a>
  | <button href="page2.html" onclick="location.href=this.getAttribute('href')">Sub Page 2 (JS)</button>
  | <button data-hyperlink="page3.html" onclick="location.href=this.dataset.hyperlink">Sub Page 3 (JS)</button>
  | <a href="../assets/img/apple.02a7c382.png" target="_blank">Image file</a>
  | <a href="https://google.com" target="_blank">Google</a>
  | <a href="/index.html">Home (not resolvable)</a>
</nav></body>
</html>