<html>
<head>
</head>
<body>
  <h1>Home</h1>
  <!-- test resolving the same image in diff templates -->
  <img src="img/apple.02a7c382.png" />
</body>
</html>