<!DOCTYPE html>
<html>
  <head>
    <title>Test</title>
    <link href="img/favicon.edda23bf.ico" rel="icon" />
  </head>
  <body>
    <h1>Hello World!</h1>
    <!-- resolve alias from local directory -->
    <img src="img/image.d4711676.webp">
    <!-- resolve alias as external url -->
    <img src="https://raw.githubusercontent.com/webdiscus/html-bundler-webpack-plugin/refs/heads/master/images/plugin-logo.png">
  </body>
</html>