<!DOCTYPE html>
<html>
<head>
  <title>Test</title>
  <!-- load source script -->
  <script src="main.a865e62d.js" defer="defer" integrity="sha384-OdFORJuFvwe5DqBuku+tdptGOzhkVGQzNrePpKNUry0YL65pXwehTs6bBTn9oAoQ" crossorigin="anonymous"></script>
</head>
<body>
  <h1>Hello World!</h1>
</body>
</html>