<!DOCTYPE html>
<html>
<head>
  <title>Test</title>
  <link href="style.css" rel="stylesheet">
  <script src="main.js" defer="defer"></script>
</head>
<body>
  <h1>Import SVG file in JavaScript!</h1>
  <b>SVG as filename</b>
  <div id="svg-filename"></div>

  <b>SVG as UTF-8 data URL</b>
  <div id="svg-utf8-data-url"></div>

  <b>SVG as UTF-8 data URL (force inline using "?inline" query)</b>
  <div id="svg-force-data-url"></div>
</body>
</html>