<!DOCTYPE html>
<html>
<head>
  <title>DE Home</title>
  <link rel="preload" href="../../assets/img/pear-120w.png" as="image" type="image/png">
  <link rel="preload" href="../../assets/img/apple-160w.png" as="image" type="image/png">
  <link rel="preload" href="../../assets/img/apple-100w.png" as="image" type="image/png">
  <link rel="preload" href="../../assets/img/hardware-300w.jpg" as="image" type="image/jpeg">
  <link href="../../assets/img/favicon.edda23bf.ico" rel="icon">

  <!-- test the relativ path generated for responsive image in inlined css -->
  <style>.iphone{width:24px;height:24px;border:5px solid limegreen;background-image:url(../../assets/img/iphone-24w.png)}.imac{width:24px;height:24px;border:5px solid royalblue;background-image:url(../../assets/img/imac.3666c92d.svg)}.plum{width:160px;height:130px;border:5px solid #4e32cd;background-image:url(../../assets/img/plum-160w.png)}</style>
  <link href="../../assets/css/home.bundle.css" rel="stylesheet">
</head>
<body>
  <h1>DE Home</h1>
  <img src="../../assets/img/apple-160w.png" alt="apple original size">
  <img src="../../assets/img/apple-160w.png" alt="apple original size with query">
  <img src="../../assets/img/apple-100w.png" alt="apple resize 100">
  <img src="../../assets/img/hardware-300w.jpg" alt="hardware resize 300">

  <div class="pear"></div>
  <div class="plum"></div>
  <div class="iphone"></div>
  <div class="imac"></div>
</body>
</html>