<!DOCTYPE html>
<html>
  <head>
    <title>Test</title>
    <link href="css/style.7947baa4.css" rel="stylesheet" integrity="sha384-04yHBDae3wtc7se23yI4Zf97CVcVzENwwbsMzwsUyF3/Olso6e41tHR9ZxSZayPY" crossorigin="anonymous">
  </head>
  <body>
    <h1>Hello World!</h1>
  </body>
  <script src="main.js" integrity="sha384-i658BCTWidoV7NM7d2CKm6hpm2l17+pcg4lq7rMo4IWen2DRdysBWBlEXNx1R0aL" crossorigin="anonymous"></script>
</html>