<!DOCTYPE html>
<html>
  <head>
    <title>My Title</title>
    <!-- load the rendered template in JS and add it into HTML in runtime -->
    <script src="app.js" defer="defer"></script>
  </head>
  <body>
    <div id="main"></div>
  </body>
</html>