<!doctype html><html><head><title>Home</title><meta name=viewport content="width=device-width initial-scale=1"><link rel="preload" href="js/main.bundle.js" as="script">
<link rel="preload" href="css/home.bundle.css" as="style">
<link rel="preload" href="fonts/open-sans-regular.woff2" as="font" type="font/woff2" crossorigin>
<link rel="preload" href="fonts/MaterialIcons-Regular.woff2" as="font" type="font/woff2" crossorigin>
<link href=css/home.bundle.css rel=stylesheet><script src=js/main.bundle.js></script></head><body><h1>Hello World!</h1></body></html>