<!DOCTYPE html>
<html>
<head>
  <title>Test</title>
  <!-- load source script -->
  <script src="main.b401dec7.js" defer="defer" integrity="sha384-o5syMB34DvZxtmF5AdXjuuv77TAL7KRIOjFxOr1N5E6Zbp+hT9MgmS244dTn2kfg" crossorigin="anonymous"></script>
</head>
<body>
  <h1>Hello World!</h1>
</body>
</html>