<!DOCTYPE html>
<html>
  <head>
    <title>Test</title>
    <link rel="preload" href="/static/js/main.7693a3d5.js" as="script">
    <link rel="preload" href="/static/css/style.0d25913e.css" as="style">
    <link rel="preload" href="/static/fonts/open-sans-regular.woff2" as="font" type="font/woff2" crossorigin>
    <link href="/static/css/style.0d25913e.css" rel="stylesheet">
    <script src="/static/js/main.7693a3d5.js" defer="defer"></script>
  </head>
  <body>
    <h1>Hello World!</h1>
  </body>
</html>