<!DOCTYPE html>
<html>
  <head>
    <title>Test</title>
    <meta property="og:title" content="Apple" />
    <meta property="og:image" content="assets/img/apple.02a7c382.png" />
    <meta property="og:image:type" content="image/png" />
    <meta property="og:video" content="assets/video/video.697ef306.mp4" />
    <meta property="og:video:type" content="video/mp4" />
    <!-- test: the `content` w/o `property` attribute must not be resolved -->
    <meta name="source" content="@images/apple.png">
  </head>
  <body>
    <h1>Home</h1>
    <img src="assets/img/apple.02a7c382.png">
  </body>
</html>