<!DOCTYPE html>
<html>
<head>
  <title>Sport</title>
  <link rel="preload" href="../assets/img/lemon-100w.png" as="image" type="image/png">
  <link rel="preload" href="../assets/img/apple-160w.png" as="image" type="image/png">
  <link rel="preload" href="../assets/img/lemon-160w.png" as="image" type="image/png">
  <link rel="preload" href="../assets/img/hardware-300w.webp" as="image" type="image/webp" imagesrcset="../assets/img/hardware-400w.webp 400w,../assets/img/hardware-500w.webp 500w,../assets/img/hardware-600w.webp 600w">
  <link href="../assets/img/favicon.edda23bf.ico" rel="icon">

  <!-- load page style -->
  <link href="../assets/css/sport.bundle.css" rel="stylesheet">
</head>
<body>
  <h1>News / Sport</h1>
  <img src="../assets/img/apple-160w.png" alt="apple">

  <div class="lemon"></div>
  <div class="apple"></div>

  <img src="../assets/img/lemon-160w.png" alt="lemon">
  <img src="../assets/img/hardware-300w.webp" srcset="../assets/img/hardware-400w.webp 400w,../assets/img/hardware-500w.webp 500w,../assets/img/hardware-600w.webp 600w" alt="printer srcset">
</body>
</html>