<!DOCTYPE html>
<html>
<head>
  <title>Sign Up</title>
  <link href="../../assets/img/favicon.edda23bf.ico" rel="icon">

  <!-- load page style -->
  <link href="../../assets/css/style.7fc9d183.css" rel="stylesheet">
</head>
<body>
  <h1>Sign Up</h1>
  <nav>
  <a href="../../index.html">Home</a>
  | <a href="index.html">Sign up</a>
</nav></body>
</html>