<!DOCTYPE html>
<html>
<head>
  <title>Test</title>
  <!-- load source script -->
  <script src="main.2f83ee93.js" defer="defer" integrity="sha384-XUEjg121RA0upSk+/9gxrLuJKlGoVlEnuHaY88xW3qndtJOYH/anh3Rb6H8m0bRb" crossorigin="anonymous"></script>
</head>
<body>
  <h1>Hello World!</h1>
</body>
</html>