<!DOCTYPE html>
<html>
  <head>
    <title>Home</title>
    <link href="data:image/svg+xml;base64,PHN2ZyB3aWR0aD0iMzIiIGhlaWdodD0iMzIiIHZpZXdCb3g9IjAgMCAzMiAzMiIgZmlsbD0ibm9uZSIgeG1sbnM9Imh0dHA6Ly93d3cudzMub3JnLzIwMDAvc3ZnIj4KPHBhdGggZmlsbC1ydWxlPSJldmVub2RkIiBjbGlwLXJ1bGU9ImV2ZW5vZGQiIGQ9Ik0xNiAwQzcuMTYgMCAwIDcuMTYgMCAxNkMwIDIzLjA4IDQuNTggMjkuMDYgMTAuOTQgMzEuMThDMTEuNzQgMzEuMzIgMTIuMDQgMzAuODQgMTIuMDQgMzAuNDJDMTIuMDQgMzAuMDQgMTIuMDIgMjguNzggMTIuMDIgMjcuNDRDOCAyOC4xOCA2Ljk2IDI2LjQ2IDYuNjQgMjUuNTZDNi40NiAyNS4xIDUuNjggMjMuNjggNSAyMy4zQzQuNDQgMjMgMy42NCAyMi4yNiA0Ljk4IDIyLjI0QzYuMjQgMjIuMjIgNy4xNCAyMy40IDcuNDQgMjMuODhDOC44OCAyNi4zIDExLjE4IDI1LjYyIDEyLjEgMjUuMkMxMi4yNCAyNC4xNiAxMi42NiAyMy40NiAxMy4xMiAyMy4wNkM5LjU2IDIyLjY2IDUuODQgMjEuMjggNS44NCAxNS4xNkM1Ljg0IDEzLjQyIDYuNDYgMTEuOTggNy40OCAxMC44NkM3LjMyIDEwLjQ2IDYuNzYgOC44MiA3LjY0IDYuNjJDNy42NCA2LjYyIDguOTggNi4yIDEyLjA0IDguMjZDMTMuMzIgNy45IDE0LjY4IDcuNzIgMTYuMDQgNy43MkMxNy40IDcuNzIgMTguNzYgNy45IDIwLjA0IDguMjZDMjMuMSA2LjE4IDI0LjQ0IDYuNjIgMjQuNDQgNi42MkMyNS4zMiA4LjgyIDI0Ljc2IDEwLjQ2IDI0LjYgMTAuODZDMjUuNjIgMTEuOTggMjYuMjQgMTMuNCAyNi4yNCAxNS4xNkMyNi4yNCAyMS4zIDIyLjUgMjIuNjYgMTguOTQgMjMuMDZDMTkuNTIgMjMuNTYgMjAuMDIgMjQuNTIgMjAuMDIgMjYuMDJDMjAuMDIgMjguMTYgMjAgMjkuODggMjAgMzAuNDJDMjAgMzAuODQgMjAuMyAzMS4zNCAyMS4xIDMxLjE4QzI3LjQyIDI5LjA2IDMyIDIzLjA2IDMyIDE2QzMyIDcuMTYgMjQuODQgMCAxNiAwVjBaIiBmaWxsPSIjMjQyOTJFIi8+Cjwvc3ZnPg==" rel="icon" type='image/svg+xml' sizes='any' />
    <link href="data:image/png;base64,iVBORw0KGgoAAAANSUhEUgAAACAAAAAgCAMAAABEpIrGAAABWVBMVEVHcEwkKS4nJyckLCwgICAjKyskKS4lKS4kKS4kKS4kJCQjLCwjKS0kKC4kKS4kKS4jKS4jKS4kKS4AAAAzMzMkKS4kKS4kKS4kKS4kLi4rKyslKzAkKS4kKi0kKS4kKS4kJDcjKC4lKC8kKS4AAAAlKC0jKi4mKyskKi4jKS0kKS4kKS4rKysiKTAkKS0lKSwkKC4kKC4jKC0lKC0kKS4jKS8mKy8kKS4iJywkKS4jJy8kKS4kKC4kKS8kKS4mJjMkKS4kKS4kKC4kKS4iKzAhLCwkKzEnJy4uLi4jKS5AQEAkKS4gMDAcHDkkKS4kKi8iKC8kKi4kKS4kKC8jKi0kKS4lKS4kKS4kKS4kKi8kKS4rKyskKi0kKS8aMzMlKC0kKC4kKS4kKC8kKS8kKi0lKi8kKS4kKC8kKS4kKS4kKy4kKS4jKS4kKS4nJzEkKDAkKS8kKS4kKS4s7n9uAAAAcnRSTlMA9Q0jCCT50frqBx3m6ZqcWIrJAgXS8/jrHAww/Vvo/A6RUvIBynQvgIL++wYl8UV/sWxgxlc21jTBQdx529oUwPe38DUXKiELXgTMEAlkMSal50dJ1Kfhy5OVElWUCpK9OH6IgWfi0HBpVO6XmxpAqs9nNjU5AAABo0lEQVQ4jW1T12LCMAxUA4SsEhJWoYsWCt1777333nvv+v8fassEQoweIunuYkuyDVA0KRyyVVlW7VBYAtECZhUpWpUZ8NB+SyFlplj+st+DRLCgr8TXVos8IdW1Du+ryFNFYY2tGE2O9vbdnHq8wXbhdVgMWYP1+hMSj43NBhdIw3YUDhlqYYFY/yKNVpcjDMjubtLvCvbCujVxzR3vXHSETTo/Pp96r+CAT0yCMAYNS15BegKJMITQ94uzH0IiBDZzdTOiQMO9bVCZM0QeAMevgszcdCXBIGNkULiugo3gJKAGa7kQ+egcI2rgFAWXomAciRZo4j4rCOaRaIJmfnw5Lz/A8WaQMhi0t0XddCTXiHAmBXBFyMM77fm59+6as/7RyanCvTijaUAmHz2pP5be4nFDX/HeJPBOPRLSnexi7fbwFYaLglbMNbr+F3z3fr51coHm8EGNA7pBlB93iR2cN3QHyBuk4/f16T5SyHkHRr70i/6CUGELqGNJTAeXaa0JijmvrZ2eYlvZ06Pmu+lOOLOKx8+7vJOllko6UTJdQv8Bj1eujCq9XBgAAAAASUVORK5CYII=" rel="icon" type='image/png' sizes='32x32' />
    <link href="assets/css/style.425c4cca.css" rel="stylesheet" />
  </head>
  <body>
    <h1>Home</h1>

    <!-- caching test of the same resources used in another file. -->

    <!-- size < 2K, data-URL -->
    <img src="data:image/png;base64,iVBORw0KGgoAAAANSUhEUgAAABgAAAAYCAQAAABKfvVzAAAAUklEQVQ4y2NgoADIMexh+MnwHwX+BIrJ4dKwG00xDO7GpeEHDg0/cGkASRIrOqphVMPAa8AOCWqoZOABYoIaEBmIF8jjJZyBduOwYTfVCgGiAABs3JKsxAraGAAAAABJRU5ErkJggg==" alt="inline">

    <!-- size < 2K, inline SVG -->
    <svg height="24" viewBox="0 0 24 24" width="24" class="inline home1"><title>imac on home</title><path d="M0 0h24v24H0z" fill="none"/><path d="M21 2H3c-1.1 0-2 .9-2 2v12c0 1.1.9 2 2 2h7l-2 3v1h8v-1l-2-3h7c1.1 0 2-.9 2-2V4c0-1.1-.9-2-2-2zm0 12H3V4h18v10z"/></svg>
    <svg height="24" viewBox="0 0 24 24" width="24" class="inline home2"><title>imac on home</title><path d="M0 0h24v24H0z" fill="none"/><path d="M21 2H3c-1.1 0-2 .9-2 2v12c0 1.1.9 2 2 2h7l-2 3v1h8v-1l-2-3h7c1.1 0 2-.9 2-2V4c0-1.1-.9-2-2-2zm0 12H3V4h18v10z"/></svg>

    <!-- size > 2K, file -->
    <img src="assets/img/bild.7b396424.png" alt="file">
    <img src="assets/img/bild.840cdadf.svg" alt="file">

    <div class="data-url-svg"></div>
    <div class="data-url-png"></div>
    <div class="file-svg"></div>
    <div class="file-png"></div>
  </body>
</html>