<!DOCTYPE html>
<html>
<head>
  <title>Test</title>
  <!-- load source script -->
  <script src="main.a7e3c718.js" defer="defer" integrity="sha384-9uGFXkbtnmDpUtcFSJC/cvBR7l+5fOAUxcxF0Xe0hxs/NdZadPWHiZPr7/xv6901" crossorigin="anonymous"></script>
</head>
<body>
  <h1>Hello World!</h1>
</body>
</html>