<!DOCTYPE html>
<html>
  <head>
    <title>Home</title>
    <!-- inline CSS -->
    <style>.index-css-inline {
  color: red;
}
</style>
    <style>.style-css-inline {
  color: green;
}
</style>

    <!-- resolve CSS file -->
    <link href="style-file.e2174e16.css" rel="stylesheet" />

    <!-- inline JS -->
    <script>console.log(">> index.js");</script>
  </head>
  <body>
    <h1>Home</h1>
    <div class="index-css-inline">1</div>
    <div class="style-css-inline">2</div>
    <div class="style-css-file">3</div>
  </body>
</html>