<!DOCTYPE html>
<html>
<head>
  <title>Home</title>
</head>
<body>
  <h1>Home</h1>
  <script src="main.js"></script>
</body>
</html>