<!DOCTYPE html>
<html>
<head>
  <title>Test</title>
  <link rel="icon" type="image/png" sizes="16x16" href="https://cdn.com/favicons/favicon-16x16.png">
<link rel="icon" type="image/png" sizes="32x32" href="https://cdn.com/favicons/favicon-32x32.png">
<link rel="icon" type="image/png" sizes="48x48" href="https://cdn.com/favicons/favicon-48x48.png">
<link rel="icon" type="image/x-icon" href="https://cdn.com/favicons/favicon.ico">
  <link href="https://cdn.com/style.bundle.css" rel="stylesheet" />
  <script src="https://cdn.com/main.bundle.js" defer="defer"></script>
</head>
<body>
  <h1>Hello World!</h1>
</body>
</html>