<!DOCTYPE html>
<html>
  <head>
    <title>Test</title>
    <!-- inline CSS here -->
    <style>@font-face{font-family:"Dummy";src:url(data:font/woff2;base64,d09GMgABAAAAAAVUAAwAAAAAClwAAAUHAAEAAAAAAAAAAAAAAAAAAAAAAAAAAAAAGhYGYABkERAKjGyKOgskAAE2AiQDJAQgBYJUByAbNQjIxOf/3az7QoK2o1o1qMnUUtNAKiJUlEoy69COKZ2suSB7Du2q/YmSH+6XemenB9YAfvf+73eRQVGhuQ1wYNGU6SU8wU1oW6fDZuIluwj5IAB8oDspEIXbol2uoJfICTBQM5eYeIAczlKKj9BDzXqCD6OhKEpJ0QIQCqAUvtDvXsiGX8BO9R3/i4D6DmrZDzg9HKLbmG/HietgD06B3TugaEp3gEaVewu2DN3kBx7t6McoJjEny46sEyMYv0D+Ur5Hvlm+SV6TL8vnt3f1T1NADQpbQWT5OBXGrYkwoHEXQGSA8izX0p9HaCqMFCc6IkJ9V5oODAvdvmmf7vCB7bu2qndu99mVuj/I17J5rsPX4tOo4WcFp8525AUiEkvFufUsteDQWk201tUrRL+ks5Uaa2cRkYh8p+jSWqs+5MChL3evOkFzTJujVzA6dbbaT3jCQ+AcKy6iEN06m9EJcMRV87HWyn0IAXNQ0YU91ixqYe4cilE3wyw4LVaH/k10umo+1jFaXnc0cR81PoXy5XzoOeLQWleevuqEUnCsmFwmfi3z1Bk9p+fqLDzl1tlewfQIaMSTnsTwtLP6I53N/Y/otjkFh1XHiB9ue9MsWkHTHKR2gOWdQMA7ePqbJxOx5mOTy+QynSNuXjnmIyPnynpea814VkkJmc+xzjVmBwd+s2kXb3RWf2QRbwY8QP7Fhc5qp87Gf/Jt+sEAJM/8Zcf3vyYWzPd+YL735F0A03oBw1tOSCx2fGzIYaNjqe1xINix0gnH5LEG9b92myVpbKq0vLLcPFtSXlqBnmD/U3J/tm/6ufKw1nMTw+WVfTT9zPPl525vXRTaOO86adokFdStzCx3D6Z4PPabJTa26JreOHTPN+Vm5mXxnHedNI3/qNnu8divDA2PDNu1UmElaVr38g3ZWd46imADP9B/Qxv32waMyuBAatS+4dm6B5aWvGuQdxN3sOjc5Bm9N7dUq1oXBSbvALe4yM579MEX6doLXrx+6zwrJUQuEUmDZ41doCW2kDStZx+pr5d/U64K+5SVTrVAL+ysb8mz2HdMpWx47Dj/+OFhlt3DX/H/Jyc/y6TO88Avzz0dr4O5SWLfbs6dt2/Agt++FJsnJBL04lFt1b40PrmNW7wurIsaKS0bKi1LNsPrP4zvJd+QfeT/OopIUFklarnWDBh5QJfXpr184/Ki81exN9VfXivLu3xPF21hivILcn0X1Bp6qIbj6ubF8rr0Ax0njmzOURalJV9vjKMUcQZ8d9/2JlN3+6qCXNPW3z1861rXoHlaeUYjsShD07oXevEoPnbvhAVWSjJK7OX/WOlxPWn2ZGfx9dlH/gd4Wh1v6PtvKbGzUJNikSfR6fHxD0WuzrRuzvhdfVjdF3vLfMGQVcjS/28xy+o7MIhbagMp/ndML8mSV2aWxXOS0EskFqdH8DJeD7As0Z5qiN9BCWzwbsUZCdVTxLvU6JEgRlqjeQtwZwVSTHsBKylsglWpQDZKxulpJYNdSBhXDnGb1LsDfZjEJMxIQyxiMYFOjKMfZpScQAwmaHIIMRjFF/UiFpUoQBlM6Mb48HGjGIEf9IiBQYUGTmawkOumyTT4oUJNT6Md5UQ7av/2eMQhGnpEw4A46KFHDbrRiykMoR3jG94yg2EMIgmp0KIWxSiDH6Lhh0qYNXgAfXWuH8rQj84BnCDuacQ8T6uXlNtCHsc8vwE=) format("woff2");font-style:normal}h1{color:#ff4500}.dummy-font{font-family:"Dummy",monospace;font-size:24px;color:#c71585}.bg-image-svg{width:24px;height:24px;background:url("data:image/svg+xml,%3Csvg%20xmlns%3D%22http%3A%2F%2Fwww.w3.org%2F2000%2Fsvg%22%20height%3D%2224%22%20viewBox%3D%220%200%2024%2024%22%20width%3D%2224%22%3E%3Cpath%20d%3D%22M0%200h24v24H0z%22%20fill%3D%22none%22%2F%3E%3Cpath%20d%3D%22M21%202H3c-1.1%200-2%20.9-2%202v12c0%201.1.9%202%202%202h7l-2%203v1h8v-1l-2-3h7c1.1%200%202-.9%202-2V4c0-1.1-.9-2-2-2zm0%2012H3V4h18v10z%22%2F%3E%3C%2Fsvg%3E")}.bg-image-png{width:24px;height:24px;background:url(data:image/png;base64,iVBORw0KGgoAAAANSUhEUgAAABgAAAAYCAQAAABKfvVzAAAAUklEQVQ4y2NgoAfwYHjM8J8I+BioEgweEaUcBB9BNICYxAC4ulENQ1gDsZA8DSQnPpKTNzoIhSsJJSYsRBlewjW8BPIIglUozlhFXGhjhAs9AQA4EcF5JY1OLgAAAABJRU5ErkJggg==)}</style>
    <!-- inline JS here -->
    <style>.component-a{font-size:24px;color:#228b22}</style>
<script>console.log(">> main");</script>
  </head>
  <body>
    <h1>Inline all assets into HTML</h1>

    <!-- test: inline all assets used in both HTML and CSS -->

    <!-- test: inlined font -->
    <div class="dummy-font">Inlined font</div>

    <!-- test: inlined component assets -->
    <div class="component-a">Component A</div>

    <!-- inline PNG, src contains data-URL -->
    <img src="data:image/png;base64,iVBORw0KGgoAAAANSUhEUgAAABgAAAAYCAQAAABKfvVzAAAAUklEQVQ4y2NgoADIMexh+MnwHwX+BIrJ4dKwG00xDO7GpeEHDg0/cGkASRIrOqphVMPAa8AOCWqoZOABYoIaEBmIF8jjJZyBduOwYTfVCgGiAABs3JKsxAraGAAAAABJRU5ErkJggg==">

    <!-- inline SVG, tag `<img>` will be replaced with inline `<svg>...</svg>` -->
    <svg height="24" viewBox="0 0 24 24" width="24"><path d="M0 0h24v24H0z" fill="none"/><path d="M15.5 1h-8C6.12 1 5 2.12 5 3.5v17C5 21.88 6.12 23 7.5 23h8c1.38 0 2.5-1.12 2.5-2.5v-17C18 2.12 16.88 1 15.5 1zm-4 21c-.83 0-1.5-.67-1.5-1.5s.67-1.5 1.5-1.5 1.5.67 1.5 1.5-.67 1.5-1.5 1.5zm4.5-4H7V4h9v14z"/></svg>

    <!-- inline SVG in CSS -->
    <div class="bg-image-svg"></div>

    <!-- inline image in CSS -->
    <div class="bg-image-png"></div>

    <!-- inline JS here -->
    <script>(()=>{"use strict";document.querySelector(".component-a").innerText+=" [inlined]",console.log(">> component a")})();</script>
  </body>
</html>