<!DOCTYPE html>
<html>
<head>
  <title>Home</title>
  <link rel="preload" href="css/home.bundle.css" as="style">
  <link rel="preload" href="fonts/open-sans-regular.woff2" as="font" type="font/woff2" crossorigin>
  <link rel="preload" href="fonts/MaterialIcons-Regular.woff2" as="font" type="font/woff2" crossorigin>
  <link href="css/home.bundle.css" rel="stylesheet">
</head>
<body>
  <h1>Home</h1>
  <div>
    <span class="mi">home</span>
    <span class="mi">settings</span>
  </div>
</body>
</html>