<!DOCTYPE html>
<html>
<head>
  <title>Test</title>
  <!-- load source script -->
  <script src="main.33d539c8.js" defer="defer" integrity="sha384-rblt1XwZWderiCfRe1bFG97Rbkq3vrjCI3hUIuquUaQUvC8IpciBZYY4/wUnbu91" crossorigin="anonymous"></script>
</head>
<body>
  <h1>Hello World!</h1>
</body>
</html>